21 0 63 42 7 7 7 52 52 52 34 8 